// Jest Snapshot v1, https://goo.gl/fbAQLP

exports[`testing Button component render 1`] = `
<button
  className="button"
  data-testid="button"
  onClick={[Function]}
  onKeyDown={[Function]}
  style={
    Object {
      "backgroundColor": "#e0e0e0",
      "color": "#000",
      "cursor": "pointer",
      "flex": 1,
      "justifyContent": "center",
      "paddingRight": "0",
    }
  }
  type="button"
>
  <p>
    1
  </p>
</button>
`;
